// Jest Snapshot v1, https://goo.gl/fbAQLP

exports[`navigation snapshot tests should test against the given snapshot 1`] = `
<nav
  className="root"
>
  <h1
    className="title"
  >
    Web Memex
  </h1>
  <ul
    className="nav"
  >
    <li
      className="navItem"
    >
      <a
        className="navLink"
        onClick={[Function]}
        style={Object {}}
      >
        Import
      </a>
    </li>
    <li
      className="navItem"
    >
      <a
        className="navLink"
        onClick={[Function]}
        style={Object {}}
      >
        Settings
      </a>
    </li>
  </ul>
</nav>
`;
